// Jest Snapshot v1, https://goo.gl/fbAQLP

exports[`rux-radio renders 1`] = `
<rux-radio value="test">
  <mock:shadow-root>
    <div class="rux-form-field" part="form-field">
      <div class="rux-radio">
        <input id="rux-radio-2" type="radio" value="test">
        <label class="rux-radio--no-label" htmlfor="rux-radio-2" part="label">
          <slot></slot>
        </label>
      </div>
    </div>
  </mock:shadow-root>
</rux-radio>
`;
