// Jest Snapshot v1, https://goo.gl/fbAQLP

exports[`rux-monitoring-icon renders 1`] = `
<rux-monitoring-icon icon="altitude" label="Altitude for satellite X" notifications="10210" status="standby" sublabel="100000m">
  <mock:shadow-root>
    <div class="rux-advanced-status" id="rux-advanced-status__icon" part="container" title="10210 Altitude for satellite X 100000m">
      <div class="rux-advanced-status__icon-group">
        <div class="rux-advanced-status__status">
          <rux-status status="standby"></rux-status>
        </div>
        <rux-icon class="rux-status--standby" icon="altitude" size="2.5rem"></rux-icon>
        <div class="rux-advanced-status__badge" part="monitoring-badge">
          10K
        </div>
      </div>
      <div class="rux-advanced-status__label">
        <span part="monitoring-label">
          Altitude for satellite X
        </span>
        <span class="rux-advanced-status__sublabel" part="monitoring-sublabel">
          100000m
        </span>
      </div>
    </div>
  </mock:shadow-root>
</rux-monitoring-icon>
`;
