// Jest Snapshot v1, https://goo.gl/fbAQLP

exports[`rux-menu-item renders 1`] = `
<rux-menu-item>
  <mock:shadow-root>
    <div class="rux-menu-item">
      <slot></slot>
    </div>
  </mock:shadow-root>
</rux-menu-item>
`;
