// Jest Snapshot v1, https://goo.gl/fbAQLP

exports[`rux-monitoring-progress-icon renders 1`] = `
<rux-monitoring-progress-icon label="Label" max="100" notifications="345678" progress="70" sublabel="sublabel">
  <mock:shadow-root>
    <div class="rux-advanced-status" id="rux-advanced-status__icon" part="container" title="345678 Label sublabel">
      <div class="rux-advanced-status__icon-group" part="icon-group">
        <rux-status part="status-icon" status="serious"></rux-status>
        <svg class="rux-status--serious" part="radial-progress" viewBox="0 0 128 128" xmlns="http://www.w3.org/2000/svg">
          <g id="progress">
            <circle cx="60" cy="60" fill="transparent" r="56" stroke="rgba(40, 63, 88, 1)" stroke-width="10" transform="rotate(-90 61 60)"></circle>
            <circle class="progress-ring__circle" cx="60" cy="60" fill="transparent" r="56" stroke-dasharray="351.8583772 351.8583772" stroke-dashoffset="105.55751316061708" stroke-linecap="round" stroke-width="10" transform="rotate(-90 61 60)"></circle>
          </g>
        </svg>
        <div class="rux-advanced-status__progress" part="progress-display">
          70%
        </div>
        <div class="rux-advanced-status__badge" part="monitoring-badge">
          345K
        </div>
      </div>
      <div class="rux-advanced-status__label" part="monitoring-label">
        <span>
          Label
        </span>
        <span class="rux-advanced-status__sublabel" part="monitoring-sublabel">
          sublabel
        </span>
      </div>
    </div>
  </mock:shadow-root>
</rux-monitoring-progress-icon>
`;
