// Jest Snapshot v1, https://goo.gl/fbAQLP

exports[`rux-status renders 1`] = `
<rux-status status="normal">
  <mock:shadow-root></mock:shadow-root>
</rux-status>
`;
