// Jest Snapshot v1, https://goo.gl/fbAQLP

exports[`rux-checkbox renders 1`] = `
<rux-checkbox value="">
  <mock:shadow-root>
    <div class="rux-form-field" part="form-field">
      <div class="rux-checkbox">
        <input class="rux-checkbox__input rux-checkbox__input--no-label" id="rux-checkbox-2" type="checkbox" value="">
        <label htmlfor="rux-checkbox-2" part="label">
          <span class="hidden">
            <slot></slot>
          </span>
        </label>
      </div>
    </div>
  </mock:shadow-root>
</rux-checkbox>
`;
