// Jest Snapshot v1, https://goo.gl/fbAQLP

exports[`rux-log renders 1`] = `
<rux-log>
  <mock:shadow-root>
    <slot name="table">
      <rux-table>
        <slot name="table-header">
          <rux-table-header class="relative">
            <slot name="table-header-row">
              <rux-table-header-row>
                <rux-table-header-cell>
                  Time
                </rux-table-header-cell>
                <rux-table-header-cell></rux-table-header-cell>
                <rux-table-header-cell class="rux-log__header-event-cell">
                  <div class="header-event-container">
                    Event
                    <rux-input class="rux-log__filter" placeholder="Search..." size="small" type="search"></rux-input>
                  </div>
                </rux-table-header-cell>
              </rux-table-header-row>
            </slot>
          </rux-table-header>
        </slot>
        <slot name="table-body">
          <rux-table-body>
            <rux-table-row>
              <rux-table-cell>
                <rux-datetime hour="2-digit" minute="2-digit" second="2-digit" time-zone="UTC"></rux-datetime>
              </rux-table-cell>
              <rux-table-cell>
                <rux-status status="off"></rux-status>
              </rux-table-cell>
              <rux-table-cell>
                Antenna DGS 1 went offline.
              </rux-table-cell>
            </rux-table-row>
            <rux-table-row>
              <rux-table-cell>
                <rux-datetime hour="2-digit" minute="2-digit" second="2-digit" time-zone="UTC"></rux-datetime>
              </rux-table-cell>
              <rux-table-cell>
                <rux-status status="serious"></rux-status>
              </rux-table-cell>
              <rux-table-cell>
                USA-177 experienced solar panel misalignment.
              </rux-table-cell>
            </rux-table-row>
            <rux-table-row>
              <rux-table-cell>
                <rux-datetime hour="2-digit" minute="2-digit" second="2-digit" time-zone="UTC"></rux-datetime>
              </rux-table-cell>
              <rux-table-cell>
                <rux-status status="caution"></rux-status>
              </rux-table-cell>
              <rux-table-cell>
                USA-168 suffered power degradation.
              </rux-table-cell>
            </rux-table-row>
          </rux-table-body>
        </slot>
      </rux-table>
    </slot>
  </mock:shadow-root>
</rux-log>
`;
