// Jest Snapshot v1, https://goo.gl/fbAQLP

exports[`rux-notification renders 1`] = `
<rux-notification class="rux-notification-banner-0ba5409c--open" message="hello there" open="" status="standby">
  <mock:shadow-root>
    <div class="rux-notification__message">
      hello there
    </div>
    <rux-icon icon="close" label="Close notification" role="button" size="36px"></rux-icon>
  </mock:shadow-root>
</rux-notification>
`;
