// Jest Snapshot v1, https://goo.gl/fbAQLP

exports[`rux-menu-item-divider renders 1`] = `
<rux-menu-item-divider>
  <mock:shadow-root>
    <div class="wrapper">
      <li part="container" role="separator"></li>
    </div>
  </mock:shadow-root>
</rux-menu-item-divider>
`;
