// Jest Snapshot v1, https://goo.gl/fbAQLP

exports[`rux-card renders 1`] = `
<rux-card>
  <mock:shadow-root>
    <div class="rux-card">
      <div class="hidden rux-card__header" part="header">
        <slot name="header"></slot>
      </div>
      <div class="rux-card__body" part="body">
        <slot></slot>
      </div>
      <div class="hidden rux-card__footer" part="footer">
        <slot name="footer"></slot>
      </div>
    </div>
  </mock:shadow-root>
</rux-card>
`;
