// Jest Snapshot v1, https://goo.gl/fbAQLP

exports[`rux-track renders 1`] = `
<rux-track track="0">
  <mock:shadow-root>
    <div class="rux-track">
      <div class="rux-track__header" style="grid-row: 0;">
        <slot name="label"></slot>
      </div>
      <slot></slot>
    </div>
  </mock:shadow-root>
</rux-track>
`;
