// Jest Snapshot v1, https://goo.gl/fbAQLP

exports[`rux-tree renders 1`] = `
<rux-tree class="rux-tree" role="tree">
  <mock:shadow-root>
    <div>
      <slot></slot>
    </div>
  </mock:shadow-root>
</rux-tree>
`;
