// Jest Snapshot v1, https://goo.gl/fbAQLP

exports[`rux-pop-up-menu renders 1`] = `
<rux-pop-up-menu aria-hidden="true" id="menu">
  <mock:shadow-root>
    <ul aria-expanded="false" role="menu">
      <slot></slot>
    </ul>
    <slot name="menu-end"></slot>
  </mock:shadow-root>
</rux-pop-up-menu>
`;
